../Core/Src/main.c:83:5:main	8	static
../Core/Src/main.c:137:6:SystemClock_Config	96	static
../Core/Src/main.c:188:13:MX_DAC1_Init	48	static
../Core/Src/main.c:232:13:MX_DFSDM1_Init	8	static
../Core/Src/main.c:285:13:MX_TIM2_Init	40	static
../Core/Src/main.c:328:13:MX_DMA_Init	16	static
../Core/Src/main.c:350:13:MX_GPIO_Init	48	static
../Core/Src/main.c:374:6:HAL_GPIO_EXTI_Callback	24	static
../Core/Src/main.c:395:6:HAL_DFSDM_FilterRegConvHalfCpltCallback	24	static
../Core/Src/main.c:403:6:HAL_DFSDM_FilterRegConvCpltCallback	32	static
../Core/Src/main.c:419:6:Error_Handler	4	static,ignoring_inline_asm
