../Core/Src/main.c:79:5:main	8	static
../Core/Src/main.c:133:6:SystemClock_Config	96	static
../Core/Src/main.c:184:13:MX_DAC1_Init	48	static
../Core/Src/main.c:228:13:MX_DFSDM1_Init	8	static
../Core/Src/main.c:281:13:MX_TIM2_Init	40	static
../Core/Src/main.c:324:13:MX_DMA_Init	16	static
../Core/Src/main.c:346:13:MX_GPIO_Init	48	static
../Core/Src/main.c:369:6:HAL_GPIO_EXTI_Callback	24	static
../Core/Src/main.c:389:6:HAL_DFSDM_FilterRegConvHalfCpltCallback	24	static
../Core/Src/main.c:398:6:HAL_DFSDM_FilterRegConvCpltCallback	32	static
../Core/Src/main.c:416:6:Error_Handler	4	static,ignoring_inline_asm
