../Src/main.c:154:5:main	192	static
../Src/main.c:371:6:SystemClock_Config	96	static
../Src/main.c:422:13:MX_DAC1_Init	48	static
../Src/main.c:466:13:MX_DFSDM1_Init	8	static
../Src/main.c:519:13:MX_I2C2_Init	8	static
../Src/main.c:567:13:MX_OCTOSPI1_Init	32	static
../Src/main.c:615:13:MX_TIM2_Init	40	static
../Src/main.c:660:13:MX_USART1_UART_Init	8	static
../Src/main.c:706:13:MX_DMA_Init	16	static
../Src/main.c:728:13:MX_GPIO_Init	48	static
../Src/main.c:769:6:HAL_DAC_ConvCpltCallbackCh1	16	static
../Src/main.c:773:6:HAL_DFSDM_FilterRegConvHalfCpltCallback	16	static
../Src/main.c:776:6:HAL_DFSDM_FilterRegConvCpltCallback	16	static
../Src/main.c:779:6:HAL_GPIO_EXTI_Callback	16	static
../Src/main.c:793:6:StartButtonTask	16	static
../Src/main.c:829:6:StartTransmitTask	64	static
../Src/main.c:987:6:StartReadTask	16	static
../Src/main.c:1089:6:StartKillTask	56	static
../Src/main.c:1211:6:HAL_TIM_PeriodElapsedCallback	16	static
../Src/main.c:1228:6:Error_Handler	4	static,ignoring_inline_asm
