../Core/Src/main.c:95:5:main	104	static
../Core/Src/main.c:206:6:SystemClock_Config	96	static
../Core/Src/main.c:257:13:MX_I2C2_Init	8	static
../Core/Src/main.c:305:13:MX_USART1_UART_Init	8	static
../Core/Src/main.c:353:13:MX_GPIO_Init	40	static
../Core/Src/main.c:385:6:HAL_GPIO_EXTI_Callback	16	static
../Core/Src/main.c:406:6:press_button_task	16	static
../Core/Src/main.c:433:6:read_sensor_task	16	static
../Core/Src/main.c:462:6:transmit_data_task	24	static
../Core/Src/main.c:502:6:HAL_TIM_PeriodElapsedCallback	16	static
../Core/Src/main.c:519:6:Error_Handler	4	static,ignoring_inline_asm
